https://more.tv
https://osiris.preprod.more.tv
https://rendertron.preprod.more.tv
https://gitlab-exporter.preprod.more.tv
https://dagon.preprod.more.tv
https://static.more.tv
https://moretv-sport.preprod.more.tv
https://billing-api-test.preprod.more.tv
https://rc.more.tv/home
https://rc.more.tv/api/v1/method.callAnon/login
https://okko.tv
https://cabinet.okko.tv/login
https://www.promo.okko.tv
https://www.agent.okko.tv/
https://agents.okko.tv
https://premiere.okko.tv/
https://show.okko.tv
https://mimimi.okko.team/
https://pobeda.okko.tv
https://www.ontvtime.ru
https://www.amediateka.ru
https://rt.amediateka.ru/
https://akado.amediateka.ru/
https://major.amediateka.ru/
https://wink.ru
https://www.wink.ru
https://www.tvigle.ru/
https://vendor.tvigle.ru/login
https://cloud.tvigle.ru/
https://gr.tvigle.ru/
https://admin.tvigle.ru/
https://downloader.tvigle.ru/
http://87.226.155.212:9001	GET
http://79.142.100.87:8123 GET
http://79.142.100.80:8123 GET
http://79.142.100.84:8123 GET
http://79.142.100.85:8123 GET
http://79.142.100.82:8123 GET
http://79.142.100.44:8123 GET
http://79.142.100.86:8123 GET
http://79.142.100.40:80	GET
http://79.142.100.44:8123	GET