http://mercury.vetrf.ru
http://api.vetrf.ru
https://mail.vetrf.ru/mail
https://mail.fsvps.gov.ru
https://ivis-sso.vetrf.ru 
http://assol-express.vetrf.ru 
https://argus.vetrf.ru 
https://vetrf.ru
https://www.vetrf.ru
https://idp.vetrf.ru/idp/profile/SAML2/POST/SSO?execution=e1s1 
https://vetrf.ru/vetrf-forum/forums/list.page 
https://duma.vetrf.ru
https://vesta.vetrf.ru
https://irena.vetrf.ru/irena/operatorui?_action=clearRequestsListMedicine 
https://assol.vetrf.ru 
https://galen.vetrf.ru
https://sirano.vetrf.ru/index 
https://atlas.vetrf.ru 
https://aplms.vetrf.ru/pub
https://accounts.vetrf.ru 
https://cerberus.vetrf.ru/cerberus
https://ecert.vetrf.ru 
https://help.vetrf.ru/wiki
https://t2-idp.vetrf.ru/idp
https://t2-aplms.vetrf.ru/pub
https://fsvps.gov.ru/fsvps
https://62.76.145.39:443
http://62.76.145.39:80
https://62.76.145.30:443
http://62.76.145.203:80
http://62.76.145.203:8080
http://62.76.145.81:80
https://62.76.145.81:443
https://62.76.145.83:443
https://62.76.145.85:443
http://62.76.145.84:80
http://fsvps.chita.ru
https://62.76.145.29:443
https://62.76.145.29:80
http://62.76.145.192:80
http://62.76.145.245:80
https://mercury-vetrf-ru.ru
https://88.212.235.10:443
https://xn----8sbmbbmccjipfvkcfubdkla2b8cyk.xn--p1ai
http://185.246.116.107:3128
