https://api.vetrf.ru/platform/services/2.0/ApplicationManagementService
https://api.vetrf.ru/platform/services/2.1/ApplicationManagementService
https://api.vetrf.ru/platform/services/2.0/EnterpriseService
https://api.vetrf.ru/platform/services/2.1/EnterpriseService
https://api.vetrf.ru/platform/services/2.0/IkarService
https://api.vetrf.ru/platform/services/2.1/IkarService
https://api.vetrf.ru/platform/services/2.0/DictionaryService
https://api.vetrf.ru/platform/services/2.1/DictionaryService
https://api.vetrf.ru/platform/services/2.0/ProductService
https://api.vetrf.ru/platform/services/2.1/ProductService
https://api.vetrf.ru/platform/services/2.0/RegionalizationService
https://api.vetrf.ru/platform/services/2.1/RegionalizationService
https://ismp.crpt.ru/api/v3/facade/cis/cis_list
https://ismp.crpt.ru/api/v4/facade/cis/cis_list
https://ismp.crpt.ru/api/v3/auth/cert/key
https://markirovka.crpt.ru/api/v3/true-api/auth/key
https://markirovka.crpt.ru/api/v4/true-api/auth/key
https://sandbox.crptech.ru/api/v3/facade/cis/cis_list
https://sandbox.crptech.ru/api/v4/facade/cis/cis_list
https://sandbox.crptech.ru/api/v3/auth/cert/key
https://markirovka.sandbox.crptech.ru/api/v3/true-api/auth/key
https://markirovka.sandbox.crptech.ru/api/v4/true-api/auth/key
https://mobile.api.crpt.ru